2026-06-14 23:08:31 | INFO     | __main__ | Initializing Pipeline Orchestrator...
2026-06-14 23:08:31 | INFO     | __main__ | 
================================================================================
2026-06-14 23:08:31 | INFO     | __main__ | DIABETES SOCIAL MEDIA SENTIMENT & TREND ANALYSIS PIPELINE
2026-06-14 23:08:31 | INFO     | __main__ | Complete Framework 8V Implementation
2026-06-14 23:08:31 | INFO     | __main__ | ================================================================================
2026-06-14 23:08:31 | INFO     | __main__ | Start time: 2026-06-14 23:08:31.833669
2026-06-14 23:08:31 | INFO     | __main__ | Project directory: C:\Users\shofi\Documents\Big Data Diabetes\BIG-DATA\Scrapping Diabetes\Analisis
2026-06-14 23:08:31 | INFO     | __main__ | Output directory: C:\Users\shofi\Documents\Big Data Diabetes\BIG-DATA\Scrapping Diabetes\Analisis\outputs\reports
2026-06-14 23:08:31 | INFO     | __main__ | ================================================================================
2026-06-14 23:08:31 | INFO     | __main__ | 
Phases to execute: [1, 2, 3, 4, 5, 6]

2026-06-14 23:08:31 | INFO     | __main__ | 
████████████████████████████████████████████████████████████████████████████████
2026-06-14 23:08:31 | INFO     | __main__ | EXECUTING PHASE 1: DATA FOUNDATION
2026-06-14 23:08:31 | INFO     | __main__ | ████████████████████████████████████████████████████████████████████████████████
2026-06-14 23:08:31 | INFO     | F01_data_foundation | Initializing Phase 1: Data Foundation
2026-06-14 23:08:31 | INFO     | F01_data_foundation | 
================================================================================
2026-06-14 23:08:31 | INFO     | F01_data_foundation | PHASE 1: FONDASI DATA (Inventory, Load, Standardize, Validate)
2026-06-14 23:08:31 | INFO     | F01_data_foundation | ================================================================================

2026-06-14 23:08:31 | INFO     | F01_data_foundation | 
[Step 1.1] Creating dataset inventory...
2026-06-14 23:08:31 | INFO     | F01_data_foundation | Creating dataset inventory...
2026-06-14 23:08:31 | INFO     | F01_data_foundation | Dataset inventory saved to C:\Users\shofi\Documents\Big Data Diabetes\BIG-DATA\Scrapping Diabetes\Analisis\outputs\reports\Dataset_Inventory.csv
2026-06-14 23:08:31 | INFO     | F01_data_foundation | 
Inventory:
  platform                    filename  file_size_mb  columns  expected_records date_range              last_modified
0  twitter          Diabetes_X_All.csv      2.817640        5              9253  2016-2026 2026-06-11 22:33:27.343001
1  threads  threads_diabetes_final.csv      0.351486        4              1300  2024-2026 2026-06-11 22:31:18.572903
2  youtube  youtube_merged_updated.csv      0.419207       11              1880  2018-2026 2026-06-11 22:32:41.395772
2026-06-14 23:08:31 | INFO     | F01_data_foundation | 
[Step 1.2] Loading data from all platforms...
2026-06-14 23:08:31 | INFO     | F01_data_foundation | Loading all platform data...
2026-06-14 23:08:31 | INFO     | F01_data_foundation | Loading data for twitter...
2026-06-14 23:08:31 | INFO     | F01_data_foundation |   Loaded Diabetes_X_All.csv: 9269 rows
2026-06-14 23:08:31 | INFO     | F01_data_foundation | Total records for twitter: 9269
2026-06-14 23:08:31 | INFO     | F01_data_foundation | Loading data for threads...
2026-06-14 23:08:31 | INFO     | F01_data_foundation |   Loaded threads_diabetes_final.csv: 1299 rows
2026-06-14 23:08:31 | INFO     | F01_data_foundation | Total records for threads: 1299
2026-06-14 23:08:31 | INFO     | F01_data_foundation | Loading data for youtube...
2026-06-14 23:08:31 | INFO     | F01_data_foundation |   Loaded youtube_merged_updated.csv: 1818 rows
2026-06-14 23:08:31 | INFO     | F01_data_foundation | Total records for youtube: 1818
2026-06-14 23:08:31 | INFO     | F01_data_foundation | Loading data for google_trends...
2026-06-14 23:08:31 | WARNING  | F01_data_foundation | No files found for pattern google_trends_data.csv
2026-06-14 23:08:31 | INFO     | F01_data_foundation | 
[Step 1.3-1.5] Processing, standardizing, and validating each platform...

2026-06-14 23:08:31 | INFO     | F01_data_foundation | 
--- Processing TWITTER ---
2026-06-14 23:08:31 | INFO     | F01_data_foundation |   Timestamps standardized for twitter
2026-06-14 23:08:31 | INFO     | F01_data_foundation | Handling missing values for twitter...
2026-06-14 23:08:31 | INFO     | F01_data_foundation | Handling duplicates for twitter...
2026-06-14 23:08:32 | INFO     | F01_data_foundation |   Removed 5 duplicates (0.05%)
2026-06-14 23:08:32 | INFO     | F01_data_foundation | Cleaning text content for twitter...
2026-06-14 23:08:32 | INFO     | F01_data_foundation |   Removed 0 short texts
2026-06-14 23:08:32 | INFO     | F01_data_foundation | Validating data for twitter...
2026-06-14 23:08:32 | INFO     | F01_data_foundation |   Quality metrics: {
  "platform": "twitter",
  "total_records": 9264,
  "date_range": "2016-11-12 07:00:00+07:00 to 2026-06-10 07:00:00+07:00",
  "date_completeness": 1.0,
  "content_completeness": 1.0,
  "content_valid_length": 1.0,
  "duplicate_percentage": 0.0
}
2026-06-14 23:08:32 | INFO     | F01_data_foundation | Exported twitter to C:\Users\shofi\Documents\Big Data Diabetes\BIG-DATA\Scrapping Diabetes\Analisis\data\processed\twitter_processed.parquet
2026-06-14 23:08:32 | INFO     | F01_data_foundation | Exported twitter to C:\Users\shofi\Documents\Big Data Diabetes\BIG-DATA\Scrapping Diabetes\Analisis\data\processed\twitter_processed.csv
2026-06-14 23:08:32 | INFO     | F01_data_foundation | 
--- Processing THREADS ---
2026-06-14 23:08:32 | INFO     | F01_data_foundation |   Timestamps standardized for threads
2026-06-14 23:08:32 | INFO     | F01_data_foundation | Handling missing values for threads...
2026-06-14 23:08:32 | INFO     | F01_data_foundation | Handling duplicates for threads...
2026-06-14 23:08:32 | INFO     | F01_data_foundation |   Removed 60 duplicates (4.63%)
2026-06-14 23:08:32 | INFO     | F01_data_foundation | Cleaning text content for threads...
2026-06-14 23:08:32 | INFO     | F01_data_foundation |   Removed 28 short texts
2026-06-14 23:08:32 | INFO     | F01_data_foundation | Validating data for threads...
2026-06-14 23:08:32 | INFO     | F01_data_foundation |   Quality metrics: {
  "platform": "threads",
  "total_records": 1207,
  "date_range": "2024-02-20 07:00:00+07:00 to 2026-05-14 07:00:00+07:00",
  "date_completeness": 1.0,
  "content_completeness": 1.0,
  "content_valid_length": 1.0,
  "duplicate_percentage": 0.0
}
2026-06-14 23:08:32 | INFO     | F01_data_foundation | Exported threads to C:\Users\shofi\Documents\Big Data Diabetes\BIG-DATA\Scrapping Diabetes\Analisis\data\processed\threads_processed.parquet
2026-06-14 23:08:32 | INFO     | F01_data_foundation | Exported threads to C:\Users\shofi\Documents\Big Data Diabetes\BIG-DATA\Scrapping Diabetes\Analisis\data\processed\threads_processed.csv
2026-06-14 23:08:32 | INFO     | F01_data_foundation | 
--- Processing YOUTUBE ---
2026-06-14 23:08:32 | INFO     | F01_data_foundation |   Timestamps standardized for youtube
2026-06-14 23:08:32 | INFO     | F01_data_foundation | Handling missing values for youtube...
2026-06-14 23:08:32 | INFO     | F01_data_foundation | Handling duplicates for youtube...
2026-06-14 23:08:32 | INFO     | F01_data_foundation |   Removed 0 duplicates (0.00%)
2026-06-14 23:08:32 | INFO     | F01_data_foundation | Cleaning text content for youtube...
2026-06-14 23:08:32 | INFO     | F01_data_foundation |   Removed 60 short texts
2026-06-14 23:08:32 | INFO     | F01_data_foundation | Validating data for youtube...
2026-06-14 23:08:32 | INFO     | F01_data_foundation |   Quality metrics: {
  "platform": "youtube",
  "total_records": 1037,
  "date_range": "2018-01-03 18:22:23+07:00 to 2026-04-07 00:54:13+07:00",
  "date_completeness": 1.0,
  "content_completeness": 1.0,
  "content_valid_length": 1.0,
  "duplicate_percentage": 0.0
}
2026-06-14 23:08:32 | INFO     | F01_data_foundation | Exported youtube to C:\Users\shofi\Documents\Big Data Diabetes\BIG-DATA\Scrapping Diabetes\Analisis\data\processed\youtube_processed.parquet
2026-06-14 23:08:32 | INFO     | F01_data_foundation | Exported youtube to C:\Users\shofi\Documents\Big Data Diabetes\BIG-DATA\Scrapping Diabetes\Analisis\data\processed\youtube_processed.csv
2026-06-14 23:08:32 | WARNING  | F01_data_foundation | No data for google_trends, skipping
2026-06-14 23:08:32 | INFO     | F01_data_foundation | 
[Step 1.6] Creating unified master dataset...
2026-06-14 23:08:32 | INFO     | F01_data_foundation | Creating unified master file...
2026-06-14 23:08:32 | INFO     | F01_data_foundation | Master file created: 11508 total records
2026-06-14 23:08:32 | INFO     | F01_data_foundation | Master dataset exported to C:\Users\shofi\Documents\Big Data Diabetes\BIG-DATA\Scrapping Diabetes\Analisis\data\processed\master_dataset_unified.csv
2026-06-14 23:08:32 | INFO     | F01_data_foundation | Also saved as parquet: C:\Users\shofi\Documents\Big Data Diabetes\BIG-DATA\Scrapping Diabetes\Analisis\data\processed\master_dataset_unified.parquet
2026-06-14 23:08:32 | INFO     | F01_data_foundation | 
Generating quality report...
2026-06-14 23:08:32 | INFO     | F01_data_foundation | Quality report saved to C:\Users\shofi\Documents\Big Data Diabetes\BIG-DATA\Scrapping Diabetes\Analisis\outputs\reports\Phase1_Data_Quality_Report.txt
2026-06-14 23:08:32 | INFO     | F01_data_foundation | 

================================================================================
DATA QUALITY REPORT
================================================================================

[TWITTER]
----------------------------------------
  duplicates_removed................. 5
  total_records...................... 9264
  date_range......................... 2016-11-12 07:00:00+07:00 to 2026-06-10 07:00:00+07:00
  date_completeness.................. 1.00
  content_completeness............... 1.00
  content_valid_length............... 1.00
  duplicate_percentage............... 0.00

[THREADS]
----------------------------------------
  duplicates_removed................. 60
  total_records...................... 1207
  date_range......................... 2024-02-20 07:00:00+07:00 to 2026-05-14 07:00:00+07:00
  date_completeness.................. 1.00
  content_completeness............... 1.00
  content_valid_length............... 1.00
  duplicate_percentage............... 0.00

[YOUTUBE]
----------------------------------------
  duplicates_removed................. 0
  total_records...................... 1037
  date_range......................... 2018-01-03 18:22:23+07:00 to 2026-04-07 00:54:13+07:00
  date_completeness.................. 1.00
  content_completeness............... 1.00
  content_valid_length............... 1.00
  duplicate_percentage............... 0.00

================================================================================

2026-06-14 23:08:32 | INFO     | F01_data_foundation | ================================================================================
2026-06-14 23:08:32 | INFO     | F01_data_foundation | PHASE 1 COMPLETED SUCCESSFULLY
2026-06-14 23:08:32 | INFO     | F01_data_foundation | ================================================================================

2026-06-14 23:08:32 | INFO     | __main__ | 
✓ Phase 1 completed successfully
2026-06-14 23:08:32 | INFO     | __main__ |   Platforms processed: ['twitter', 'threads', 'youtube']
2026-06-14 23:08:32 | INFO     | __main__ |   Master dataset: (11508, 17)
2026-06-14 23:08:32 | INFO     | __main__ | 
████████████████████████████████████████████████████████████████████████████████
2026-06-14 23:08:32 | INFO     | __main__ | EXECUTING PHASE 2: VERACITY VALIDATION
2026-06-14 23:08:32 | INFO     | __main__ | ████████████████████████████████████████████████████████████████████████████████
2026-06-14 23:08:33 | INFO     | F02_veracity_validation | 
================================================================================
2026-06-14 23:08:33 | INFO     | F02_veracity_validation | PHASE 2: VERIFIKASI VERACITY (External Validation + Annotation)
2026-06-14 23:08:33 | INFO     | F02_veracity_validation | ================================================================================

2026-06-14 23:08:33 | INFO     | F02_veracity_validation | 
[Step 2.1] Selecting stratified samples for annotation...
2026-06-14 23:08:33 | INFO     | F02_veracity_validation | Selecting 300 samples for annotation...
2026-06-14 23:08:33 | INFO     | F02_veracity_validation | Selected 300 samples for annotation
2026-06-14 23:08:33 | INFO     | F02_veracity_validation | 
[Step 2.2] Exporting annotation template...
2026-06-14 23:08:33 | INFO     | F02_veracity_validation | Exporting annotation template to C:\Users\shofi\Documents\Big Data Diabetes\BIG-DATA\Scrapping Diabetes\Analisis\outputs\reports\Annotation_Template.xlsx...
2026-06-14 23:08:34 | INFO     | F02_veracity_validation | Template exported to C:\Users\shofi\Documents\Big Data Diabetes\BIG-DATA\Scrapping Diabetes\Analisis\outputs\reports\Annotation_Template.xlsx
2026-06-14 23:08:34 | INFO     | F02_veracity_validation | 
[Step 2.3] Simulating inter-rater annotation process...
2026-06-14 23:08:34 | INFO     | F02_veracity_validation | Simulating annotation process (2 independent annotators)...
2026-06-14 23:08:34 | INFO     | F02_veracity_validation | 
Annotation Results:
2026-06-14 23:08:34 | INFO     | F02_veracity_validation |   Total samples: 300
2026-06-14 23:08:34 | INFO     | F02_veracity_validation |   Agreement rate: 81.3%
2026-06-14 23:08:34 | INFO     | F02_veracity_validation |   Cohen's Kappa: 0.544 (Moderate)
2026-06-14 23:08:34 | INFO     | F02_veracity_validation |   Status: revision_needed
2026-06-14 23:08:34 | INFO     | F02_veracity_validation | 
[Step 2.4] Creating gold standard dataset...
2026-06-14 23:08:34 | INFO     | F02_veracity_validation | Gold standard saved to C:\Users\shofi\Documents\Big Data Diabetes\BIG-DATA\Scrapping Diabetes\Analisis\data\processed\gold_standard_300samples.csv
2026-06-14 23:08:34 | INFO     | F02_veracity_validation | 
================================================================================
2026-06-14 23:08:34 | INFO     | F02_veracity_validation | PHASE 2 COMPLETED
2026-06-14 23:08:34 | INFO     | F02_veracity_validation | ================================================================================

2026-06-14 23:08:34 | INFO     | __main__ | 
✓ Phase 2 completed successfully
2026-06-14 23:08:34 | INFO     | __main__ |   Riskesdas correlation: N/A
2026-06-14 23:08:34 | INFO     | __main__ |   Inter-rater Kappa: 0.5439368026712273
2026-06-14 23:08:34 | INFO     | __main__ | 
████████████████████████████████████████████████████████████████████████████████
2026-06-14 23:08:34 | INFO     | __main__ | EXECUTING PHASE 3: SENTIMENT ANALYSIS
2026-06-14 23:08:34 | INFO     | __main__ | ████████████████████████████████████████████████████████████████████████████████
2026-06-14 23:08:42 | INFO     | F03_sentiment_analysis | Text preprocessor initialized
2026-06-14 23:08:42 | INFO     | F03_sentiment_analysis | Initializing sentiment models...
2026-06-14 23:08:42 | INFO     | F03_sentiment_analysis | 
================================================================================
2026-06-14 23:08:42 | INFO     | F03_sentiment_analysis | PHASE 3: ANALISIS SENTIMEN MULTI-PLATFORM
2026-06-14 23:08:42 | INFO     | F03_sentiment_analysis | ================================================================================

2026-06-14 23:08:42 | INFO     | F03_sentiment_analysis | 
[Step 3.1] Preparing sentiment models...
2026-06-14 23:08:42 | INFO     | F03_sentiment_analysis | Preparing sentiment models...
2026-06-14 23:08:42 | INFO     | F03_sentiment_analysis |   Loading VADER model...
2026-06-14 23:08:42 | INFO     | F03_sentiment_analysis |   TextBlob initialized
2026-06-14 23:08:42 | INFO     | F03_sentiment_analysis |   Loading IndoBERT model...
2026-06-14 23:08:44 | WARNING  | F03_sentiment_analysis |   IndoBERT not available: persiapan/indobert-base-p2 is not a local folder and is not a valid model identifier listed on 'https://huggingface.co/models'
If this is a private repository, make sure to pass a token having permission to this repo either by logging in with `hf auth login` or by passing `token=<your_token>`
2026-06-14 23:08:44 | INFO     | F03_sentiment_analysis |   Falling back to VADER
2026-06-14 23:08:44 | INFO     | F03_sentiment_analysis |   Loading VADER model...
2026-06-14 23:08:44 | INFO     | F03_sentiment_analysis | 
[Step 3.2] Analyzing sentiment for main corpus...
2026-06-14 23:08:44 | INFO     | F03_sentiment_analysis | Analyzing sentiment for 11508 documents...
2026-06-14 23:08:44 | INFO     | F03_sentiment_analysis |   Progress: 0/11508
2026-06-14 23:14:40 | INFO     | F03_sentiment_analysis |   Progress: 1000/11508
2026-06-14 23:20:27 | INFO     | F03_sentiment_analysis |   Progress: 2000/11508
2026-06-14 23:27:26 | INFO     | F03_sentiment_analysis |   Progress: 3000/11508
2026-06-14 23:34:05 | INFO     | F03_sentiment_analysis |   Progress: 4000/11508
2026-06-14 23:39:49 | INFO     | F03_sentiment_analysis |   Progress: 5000/11508
2026-06-14 23:45:29 | INFO     | F03_sentiment_analysis |   Progress: 6000/11508
2026-06-14 23:49:28 | INFO     | F03_sentiment_analysis |   Progress: 7000/11508
2026-06-14 23:52:19 | INFO     | F03_sentiment_analysis |   Progress: 8000/11508
2026-06-14 23:54:09 | INFO     | F03_sentiment_analysis |   Progress: 9000/11508
2026-06-14 23:56:00 | INFO     | F03_sentiment_analysis |   Progress: 10000/11508
2026-06-14 23:57:53 | INFO     | F03_sentiment_analysis |   Progress: 11000/11508
2026-06-14 23:58:48 | INFO     | F03_sentiment_analysis | Sentiment analysis completed
2026-06-14 23:58:48 | INFO     | F03_sentiment_analysis | Label distribution:
sentiment_label
NEUTRAL     9534
POSITIVE    1182
NEGATIVE     792
Name: count, dtype: int64
2026-06-14 23:58:48 | WARNING  | F03_sentiment_analysis | No gold standard dataset provided, skipping validation
2026-06-14 23:58:48 | INFO     | F03_sentiment_analysis | 
[Step 3.4] Computing temporal sentiment trends...
2026-06-14 23:58:48 | INFO     | F03_sentiment_analysis | Computing temporal sentiment trends...
2026-06-14 23:58:48 | INFO     | F03_sentiment_analysis | 
[Step 3.5] Exporting results...
2026-06-14 23:58:48 | INFO     | F03_sentiment_analysis | Exporting sentiment analysis results...
2026-06-14 23:58:49 | INFO     | F03_sentiment_analysis | Exported to C:\Users\shofi\Documents\Big Data Diabetes\BIG-DATA\Scrapping Diabetes\Analisis\data\processed\sentiment_analyzed_full.parquet
2026-06-14 23:58:49 | INFO     | F03_sentiment_analysis | Exported summary to C:\Users\shofi\Documents\Big Data Diabetes\BIG-DATA\Scrapping Diabetes\Analisis\data\processed\sentiment_analyzed_summary.csv
2026-06-14 23:58:49 | INFO     | F03_sentiment_analysis | Temporal trends saved to C:\Users\shofi\Documents\Big Data Diabetes\BIG-DATA\Scrapping Diabetes\Analisis\data\processed\sentiment_trends_temporal.csv
2026-06-14 23:58:51 | INFO     | F03_sentiment_analysis | Generating sentiment visualization...
2026-06-14 23:58:52 | INFO     | F03_sentiment_analysis | Visualization saved to C:\Users\shofi\Documents\Big Data Diabetes\BIG-DATA\Scrapping Diabetes\Analisis\outputs\figures\Phase3_Sentiment_Trends.png
2026-06-14 23:58:52 | INFO     | F03_sentiment_analysis | 
Phase 3 report saved to C:\Users\shofi\Documents\Big Data Diabetes\BIG-DATA\Scrapping Diabetes\Analisis\outputs\reports\Phase3_Sentiment_Analysis_Report.json
2026-06-14 23:58:52 | INFO     | F03_sentiment_analysis | 
================================================================================
2026-06-14 23:58:52 | INFO     | F03_sentiment_analysis | PHASE 3 COMPLETED
2026-06-14 23:58:52 | INFO     | F03_sentiment_analysis | ================================================================================

2026-06-14 23:58:52 | INFO     | __main__ | 
✓ Phase 3 completed successfully
2026-06-14 23:58:52 | INFO     | __main__ |   Records analyzed: 11508
2026-06-14 23:58:52 | INFO     | __main__ |   Sentiment distribution: {'NEUTRAL': 9534, 'POSITIVE': 1182, 'NEGATIVE': 792}
2026-06-14 23:58:52 | INFO     | __main__ | 
████████████████████████████████████████████████████████████████████████████████
2026-06-14 23:58:52 | INFO     | __main__ | EXECUTING PHASE 4: GOOGLE TRENDS INTEGRATION
2026-06-14 23:58:52 | INFO     | __main__ | ████████████████████████████████████████████████████████████████████████████████
2026-06-14 23:58:52 | INFO     | F04_google_trends_integration | 
================================================================================
2026-06-14 23:58:52 | INFO     | F04_google_trends_integration | PHASE 4: INTEGRASI GOOGLE TRENDS SEBAGAI EXOGENOUS SIGNAL
2026-06-14 23:58:52 | INFO     | F04_google_trends_integration | ================================================================================

2026-06-14 23:58:52 | INFO     | F04_google_trends_integration | 
[Step 4.1] Loading Google Trends data...
2026-06-14 23:58:52 | INFO     | F04_google_trends_integration | Loading Google Trends data...
2026-06-14 23:58:52 | WARNING  | F04_google_trends_integration | Google Trends file not found, creating template...
2026-06-14 23:58:52 | INFO     | F04_google_trends_integration | Created template Trends: 3498 days
2026-06-14 23:58:52 | INFO     | F04_google_trends_integration | 
[Step 4.2] Normalizing Trends to z-scores...
2026-06-14 23:58:52 | INFO     | F04_google_trends_integration | Normalizing Google Trends data to z-scores...
2026-06-14 23:58:52 | INFO     | F04_google_trends_integration | 
[Step 4.3] Aggregating signals to monthly resolution...
2026-06-14 23:58:52 | INFO     | F04_google_trends_integration | Aggregating Google Trends to monthly...
2026-06-14 23:58:52 | INFO     | F04_google_trends_integration | Aggregated to 116 months
2026-06-14 23:58:52 | INFO     | F04_google_trends_integration | Preparing social media signal (monthly aggregation)...
2026-06-14 23:58:52 | INFO     | F04_google_trends_integration | Social media signal: 116 months
2026-06-14 23:58:52 | INFO     | F04_google_trends_integration | 
[Step 4.4] Merging signals for analysis...
2026-06-14 23:58:52 | INFO     | F04_google_trends_integration | Preparing signals for causality testing...
2026-06-14 23:58:52 | INFO     | F04_google_trends_integration | Common period: 2016-11-01 to 2026-06-01
2026-06-14 23:58:52 | INFO     | F04_google_trends_integration | Trends: 116 months, SM: 116 months
2026-06-14 23:58:52 | INFO     | F04_google_trends_integration | Merged: 116 matching months
2026-06-14 23:58:52 | INFO     | F04_google_trends_integration | 
[Step 4.5] Testing stationarity of signals...
2026-06-14 23:58:52 | INFO     | F04_google_trends_integration | Testing stationarity of Google Trends...
2026-06-14 23:58:52 | INFO     | F04_google_trends_integration |   ADF test p-value: 0.9959
2026-06-14 23:58:52 | INFO     | F04_google_trends_integration |   Stationary: False
2026-06-14 23:58:52 | INFO     | F04_google_trends_integration | Testing stationarity of Social Media Posts...
2026-06-14 23:58:52 | INFO     | F04_google_trends_integration |   ADF test p-value: 0.5242
2026-06-14 23:58:52 | INFO     | F04_google_trends_integration |   Stationary: False
2026-06-14 23:58:52 | INFO     | F04_google_trends_integration | 
[Step 4.6] Running Granger Causality Tests...
2026-06-14 23:58:52 | INFO     | F04_google_trends_integration | 
Granger Causality Test: diabetes → total_posts
2026-06-14 23:58:52 | INFO     | F04_google_trends_integration | Max lag: 3 months
2026-06-14 23:58:52 | ERROR    | F04_google_trends_integration | Granger test failed: grangercausalitytests() got an unexpected keyword argument 'max_lag'. Did you mean 'maxlag'?
2026-06-14 23:58:52 | INFO     | F04_google_trends_integration | 
Granger Causality Test: total_posts → diabetes
2026-06-14 23:58:52 | INFO     | F04_google_trends_integration | Max lag: 3 months
2026-06-14 23:58:52 | ERROR    | F04_google_trends_integration | Granger test failed: grangercausalitytests() got an unexpected keyword argument 'max_lag'. Did you mean 'maxlag'?
2026-06-14 23:58:52 | INFO     | F04_google_trends_integration | 
[Step 4.7] Performing Cross-Correlation Analysis...
2026-06-14 23:58:52 | INFO     | F04_google_trends_integration | 
Cross-Correlation Analysis (max lag: 12)...
2026-06-14 23:58:52 | INFO     | F04_google_trends_integration | Maximum correlation: 0.998 at lag -4 months
2026-06-14 23:58:52 | INFO     | F04_google_trends_integration | Interpretation: Strong Series 1 leads Series 2 by 4 month(s) (r=0.998)
2026-06-14 23:58:52 | INFO     | F04_google_trends_integration | 
[Step 4.8] Exporting results...
2026-06-14 23:58:52 | INFO     | F04_google_trends_integration | Exporting integrated signals...
2026-06-14 23:58:52 | INFO     | F04_google_trends_integration | Merged signals saved to C:\Users\shofi\Documents\Big Data Diabetes\BIG-DATA\Scrapping Diabetes\Analisis\data\processed\integrated_signals_monthly.csv
2026-06-14 23:58:52 | INFO     | F04_google_trends_integration | CCF analysis saved to C:\Users\shofi\Documents\Big Data Diabetes\BIG-DATA\Scrapping Diabetes\Analisis\data\processed\ccf_analysis.json
2026-06-14 23:58:52 | INFO     | F04_google_trends_integration | Generating signal visualizations...
2026-06-14 23:58:53 | INFO     | F04_google_trends_integration | Signal comparison saved to C:\Users\shofi\Documents\Big Data Diabetes\BIG-DATA\Scrapping Diabetes\Analisis\outputs\figures\Phase4_Signal_Comparison.png
2026-06-14 23:58:53 | INFO     | F04_google_trends_integration | CCF plot saved to C:\Users\shofi\Documents\Big Data Diabetes\BIG-DATA\Scrapping Diabetes\Analisis\outputs\figures\Phase4_CrossCorrelation.png
2026-06-14 23:58:53 | INFO     | F04_google_trends_integration | 
Phase 4 report saved to C:\Users\shofi\Documents\Big Data Diabetes\BIG-DATA\Scrapping Diabetes\Analisis\outputs\reports\Phase4_Google_Trends_Integration_Report.json
2026-06-14 23:58:53 | INFO     | F04_google_trends_integration | 
================================================================================
2026-06-14 23:58:53 | INFO     | F04_google_trends_integration | PHASE 4 COMPLETED
2026-06-14 23:58:53 | INFO     | F04_google_trends_integration | ================================================================================

2026-06-14 23:58:53 | INFO     | __main__ | 
✓ Phase 4 completed successfully
2026-06-14 23:58:53 | INFO     | __main__ |   Merged signals: 116 months
2026-06-14 23:58:53 | INFO     | __main__ | 
████████████████████████████████████████████████████████████████████████████████
2026-06-14 23:58:53 | INFO     | __main__ | EXECUTING PHASE 5: LONGITUDINAL MODELING
2026-06-14 23:58:53 | INFO     | __main__ | ████████████████████████████████████████████████████████████████████████████████
2026-06-14 23:58:54 | INFO     | F05_longitudinal_modeling | 
================================================================================
2026-06-14 23:58:54 | INFO     | F05_longitudinal_modeling | PHASE 5: PEMODELAN TREN LONGITUDINAL (11 Tahun)
2026-06-14 23:58:54 | INFO     | F05_longitudinal_modeling | ================================================================================

2026-06-14 23:58:54 | INFO     | F05_longitudinal_modeling | 
[Step 5.1] Preparing monthly time series...
2026-06-14 23:58:54 | INFO     | F05_longitudinal_modeling | Preparing time series (aggregation: M)...
2026-06-14 23:58:54 | INFO     | F05_longitudinal_modeling | Time series prepared: 116 periods
2026-06-14 23:58:54 | INFO     | F05_longitudinal_modeling | 
[Step 5.2] STL Decomposition...
2026-06-14 23:58:54 | INFO     | F05_longitudinal_modeling | Performing STL decomposition...
2026-06-14 23:58:54 | ERROR    | F05_longitudinal_modeling | STL decomposition failed: Unable to determine period from endog
2026-06-14 23:58:54 | INFO     | F05_longitudinal_modeling | 
[Step 5.3] Auto-ARIMA parameter selection...
2026-06-14 23:58:54 | INFO     | F05_longitudinal_modeling | Running auto-ARIMA parameter selection...
2026-06-14 23:58:56 | INFO     | F05_longitudinal_modeling | ✓ Auto-ARIMA: ARIMA(0, 1, 1)x(0, 0, 0, 12)
2026-06-14 23:58:56 | INFO     | F05_longitudinal_modeling |   AIC: -548.84
2026-06-14 23:58:56 | INFO     | F05_longitudinal_modeling | 
[Step 5.4] Fitting ARIMA model...
2026-06-14 23:58:56 | INFO     | F05_longitudinal_modeling | Fitting ARIMA(0, 1, 1)x(0, 0, 0, 12)...
2026-06-14 23:58:56 | INFO     | F05_longitudinal_modeling | ✓ ARIMA fitted successfully
2026-06-14 23:58:56 | INFO     | F05_longitudinal_modeling |   AIC: -538.32, BIC: -532.87
2026-06-14 23:58:56 | ERROR    | F05_longitudinal_modeling | ARIMA fitting failed: 'ARIMAResults' object has no attribute 'diagnostics'
2026-06-14 23:58:56 | INFO     | F05_longitudinal_modeling | 
[Step 5.5] Fitting Facebook Prophet model...
2026-06-14 23:58:56 | INFO     | F05_longitudinal_modeling | Fitting Facebook Prophet model...
2026-06-14 23:58:57 | INFO     | F05_longitudinal_modeling | ✓ Prophet fitted successfully
2026-06-14 23:58:57 | INFO     | F05_longitudinal_modeling | 
[Step 5.6] Joinpoint Regression (Annual Percent Change)...
2026-06-14 23:58:57 | INFO     | F05_longitudinal_modeling | Calculating Annual Percent Change (APC)...
2026-06-14 23:58:57 | INFO     | F05_longitudinal_modeling | ✓ APC calculated: 1.74% per year
2026-06-14 23:58:57 | INFO     | F05_longitudinal_modeling |   95% CI: [-0.30%, 0.32%]
2026-06-14 23:58:57 | INFO     | F05_longitudinal_modeling | Saving Phase 5 results...
2026-06-14 23:58:57 | INFO     | F05_longitudinal_modeling | Time series saved to C:\Users\shofi\Documents\Big Data Diabetes\BIG-DATA\Scrapping Diabetes\Analisis\data\processed\time_series_monthly.csv
2026-06-14 23:58:57 | INFO     | F05_longitudinal_modeling | Phase 5 report saved to C:\Users\shofi\Documents\Big Data Diabetes\BIG-DATA\Scrapping Diabetes\Analisis\outputs\reports\Phase5_Longitudinal_Modeling_Report.json
2026-06-14 23:58:57 | INFO     | F05_longitudinal_modeling | 
================================================================================
2026-06-14 23:58:57 | INFO     | F05_longitudinal_modeling | PHASE 5 COMPLETED
2026-06-14 23:58:57 | INFO     | F05_longitudinal_modeling | ================================================================================

2026-06-14 23:58:57 | INFO     | __main__ | 
✓ Phase 5 completed successfully
2026-06-14 23:58:57 | INFO     | __main__ |   Time series models fitted
2026-06-14 23:58:57 | INFO     | __main__ | 
████████████████████████████████████████████████████████████████████████████████
2026-06-14 23:58:57 | INFO     | __main__ | EXECUTING PHASE 6: VISUALIZATION & REPORTING
2026-06-14 23:58:57 | INFO     | __main__ | ████████████████████████████████████████████████████████████████████████████████
2026-06-14 23:58:58 | INFO     | F06_visualization_reporting | 
================================================================================
2026-06-14 23:58:58 | INFO     | F06_visualization_reporting | PHASE 6: VISUALISASI & PENULISAN ARTIKEL
2026-06-14 23:58:58 | INFO     | F06_visualization_reporting | ================================================================================

2026-06-14 23:58:58 | INFO     | F06_visualization_reporting | 
[Step 6.1] Generating publication-grade figures...
2026-06-14 23:58:58 | INFO     | F06_visualization_reporting | Generating Figure 1: Data Overview...
2026-06-14 23:58:59 | INFO     | F06_visualization_reporting | ✓ Figure 1 saved to C:\Users\shofi\Documents\Big Data Diabetes\BIG-DATA\Scrapping Diabetes\Analisis\outputs\figures\Figure1_Data_Overview.png
2026-06-14 23:58:59 | INFO     | F06_visualization_reporting | Generating Figure 2: Sentiment Trends...
2026-06-14 23:58:59 | INFO     | F06_visualization_reporting | ✓ Figure 2 saved to C:\Users\shofi\Documents\Big Data Diabetes\BIG-DATA\Scrapping Diabetes\Analisis\outputs\figures\Figure2_Sentiment_Trends.png
2026-06-14 23:58:59 | INFO     | F06_visualization_reporting | Generating Figure 3: Sentiment by Platform...
2026-06-14 23:59:00 | INFO     | F06_visualization_reporting | ✓ Figure 3 saved to C:\Users\shofi\Documents\Big Data Diabetes\BIG-DATA\Scrapping Diabetes\Analisis\outputs\figures\Figure3_Sentiment_by_Platform.png
2026-06-14 23:59:00 | INFO     | F06_visualization_reporting | Generating Figure 4: Volume Trends...
2026-06-14 23:59:00 | INFO     | F06_visualization_reporting | ✓ Figure 4 saved to C:\Users\shofi\Documents\Big Data Diabetes\BIG-DATA\Scrapping Diabetes\Analisis\outputs\figures\Figure4_Volume_Trends.png
2026-06-14 23:59:00 | INFO     | F06_visualization_reporting | 
✓ Generated 4 figures
2026-06-14 23:59:00 | INFO     | F06_visualization_reporting | 
[Step 6.2] Generating reports...
2026-06-14 23:59:00 | INFO     | F06_visualization_reporting | Computing summary statistics...
2026-06-14 23:59:00 | INFO     | F06_visualization_reporting | 
✓ Generated 1 reports
2026-06-14 23:59:00 | INFO     | F06_visualization_reporting | 
================================================================================
2026-06-14 23:59:00 | INFO     | F06_visualization_reporting | PHASE 6 COMPLETED
2026-06-14 23:59:00 | INFO     | F06_visualization_reporting | ================================================================================

2026-06-14 23:59:00 | INFO     | __main__ | 
✓ Phase 6 completed successfully
2026-06-14 23:59:00 | INFO     | __main__ |   Figures generated: 4
2026-06-14 23:59:00 | INFO     | __main__ | 
================================================================================
2026-06-14 23:59:00 | INFO     | __main__ | GENERATING FINAL REPORT
2026-06-14 23:59:00 | INFO     | __main__ | ================================================================================
2026-06-14 23:59:00 | INFO     | __main__ | 
================================================================================
PIPELINE EXECUTION REPORT
================================================================================

Execution Summary:
  Start Time    : 2026-06-14T23:08:31.833669
  End Time      : 2026-06-14T23:59:00.336080
  Total Duration: 3028.5 seconds (~50.5 minutes)

Phase Status:
  Phase 1: Data Foundation......................... SUCCESS
  Phase 2: Veracity Validation..................... SUCCESS
  Phase 3: Sentiment Analysis...................... SUCCESS
  Phase 4: Google Trends Integration............... SUCCESS
  Phase 5: Longitudinal Modeling................... SUCCESS
  Phase 6: Visualization & Reporting............... SUCCESS

✓ NO ERRORS - Pipeline completed successfully!

Output Files:
  Reports       : C:\Users\shofi\Documents\Big Data Diabetes\BIG-DATA\Scrapping Diabetes\Analisis\outputs\reports
  Figures       : C:\Users\shofi\Documents\Big Data Diabetes\BIG-DATA\Scrapping Diabetes\Analisis\outputs\figures
  Processed Data: C:\Users\shofi\Documents\Big Data Diabetes\BIG-DATA\Scrapping Diabetes\Analisis\data\processed

Key Outputs:
  - Master Dataset        : master_dataset_unified.parquet
  - Sentiment Analysis    : sentiment_analyzed_full.parquet
  - Temporal Trends       : sentiment_trends_temporal.csv
  - Integrated Signals    : integrated_signals_monthly.csv

Recommended Next Steps:
  1. Review Phase reports in C:\Users\shofi\Documents\Big Data Diabetes\BIG-DATA\Scrapping Diabetes\Analisis\outputs\reports
  2. Examine generated visualizations in C:\Users\shofi\Documents\Big Data Diabetes\BIG-DATA\Scrapping Diabetes\Analisis\outputs\figures
  3. For Phase 2: Complete manual annotation (if using gold standard)
  4. For Phase 5: Fine-tune model parameters based on validation metrics
  5. Prepare manuscript (Lancet Digital Health, JMIR, BMC Public Health)

================================================================================
End of Report - 2026-06-14 23:59:00
================================================================================

2026-06-14 23:59:00 | INFO     | __main__ | Final report saved to C:\Users\shofi\Documents\Big Data Diabetes\BIG-DATA\Scrapping Diabetes\Analisis\outputs\reports\PIPELINE_EXECUTION_REPORT.txt
2026-06-14 23:59:00 | INFO     | __main__ | JSON summary saved to C:\Users\shofi\Documents\Big Data Diabetes\BIG-DATA\Scrapping Diabetes\Analisis\outputs\reports\pipeline_summary.json
2026-06-14 23:59:00 | INFO     | __main__ | 
================================================================================
2026-06-14 23:59:00 | INFO     | __main__ | PIPELINE SUMMARY
2026-06-14 23:59:00 | INFO     | __main__ | ================================================================================
2026-06-14 23:59:00 | INFO     | __main__ | Status: ✓ SUCCESS
2026-06-14 23:59:00 | INFO     | __main__ | Duration: 3028.5 seconds
2026-06-14 23:59:00 | INFO     | __main__ | Total Errors: 0
2026-06-14 23:59:00 | INFO     | __main__ | ================================================================================
