2026-06-12 22:23:08 | INFO     | __main__ | Initializing Pipeline Orchestrator...
2026-06-12 22:23:08 | INFO     | __main__ | 
================================================================================
2026-06-12 22:23:08 | INFO     | __main__ | DIABETES SOCIAL MEDIA SENTIMENT & TREND ANALYSIS PIPELINE
2026-06-12 22:23:08 | INFO     | __main__ | Complete Framework 8V Implementation
2026-06-12 22:23:08 | INFO     | __main__ | ================================================================================
2026-06-12 22:23:08 | INFO     | __main__ | Start time: 2026-06-12 22:23:08.575143
2026-06-12 22:23:08 | INFO     | __main__ | Project directory: C:\Users\shofi\Documents\Big Data Diabetes\BIG-DATA\Scrapping Diabetes\Analisis
2026-06-12 22:23:08 | INFO     | __main__ | Output directory: C:\Users\shofi\Documents\Big Data Diabetes\BIG-DATA\Scrapping Diabetes\Analisis\outputs\reports
2026-06-12 22:23:08 | INFO     | __main__ | ================================================================================
2026-06-12 22:23:08 | INFO     | __main__ | 
Phases to execute: [1, 2, 3, 4, 5, 6]

2026-06-12 22:23:08 | INFO     | __main__ | 
████████████████████████████████████████████████████████████████████████████████
2026-06-12 22:23:08 | INFO     | __main__ | EXECUTING PHASE 1: DATA FOUNDATION
2026-06-12 22:23:08 | INFO     | __main__ | ████████████████████████████████████████████████████████████████████████████████
2026-06-12 22:23:08 | INFO     | F01_data_foundation | Initializing Phase 1: Data Foundation
2026-06-12 22:23:08 | INFO     | F01_data_foundation | 
================================================================================
2026-06-12 22:23:08 | INFO     | F01_data_foundation | PHASE 1: FONDASI DATA (Inventory, Load, Standardize, Validate)
2026-06-12 22:23:08 | INFO     | F01_data_foundation | ================================================================================

2026-06-12 22:23:08 | INFO     | F01_data_foundation | 
[Step 1.1] Creating dataset inventory...
2026-06-12 22:23:08 | INFO     | F01_data_foundation | Creating dataset inventory...
2026-06-12 22:23:08 | INFO     | F01_data_foundation | Dataset inventory saved to C:\Users\shofi\Documents\Big Data Diabetes\BIG-DATA\Scrapping Diabetes\Analisis\outputs\reports\Dataset_Inventory.csv
2026-06-12 22:23:08 | INFO     | F01_data_foundation | 
Inventory:
  platform                    filename  file_size_mb  columns  expected_records date_range              last_modified
0  threads  threads_diabetes_final.csv      0.351486        4              1300  2024-2026 2026-06-11 22:31:18.572903
1  youtube  youtube_merged_updated.csv      0.419207       11              1880  2018-2026 2026-06-11 22:32:41.395772
2026-06-12 22:23:08 | INFO     | F01_data_foundation | 
[Step 1.2] Loading data from all platforms...
2026-06-12 22:23:08 | INFO     | F01_data_foundation | Loading all platform data...
2026-06-12 22:23:08 | INFO     | F01_data_foundation | Loading data for twitter...
2026-06-12 22:23:08 | WARNING  | F01_data_foundation | No files found for pattern twitter_*.csv
2026-06-12 22:23:08 | INFO     | F01_data_foundation | Loading data for threads...
2026-06-12 22:23:08 | INFO     | F01_data_foundation |   Loaded threads_diabetes_final.csv: 1299 rows
2026-06-12 22:23:08 | INFO     | F01_data_foundation | Total records for threads: 1299
2026-06-12 22:23:08 | INFO     | F01_data_foundation | Loading data for youtube...
2026-06-12 22:23:08 | INFO     | F01_data_foundation |   Loaded youtube_merged_updated.csv: 1818 rows
2026-06-12 22:23:08 | INFO     | F01_data_foundation | Total records for youtube: 1818
2026-06-12 22:23:08 | INFO     | F01_data_foundation | Loading data for google_trends...
2026-06-12 22:23:08 | WARNING  | F01_data_foundation | No files found for pattern trends_*.csv
2026-06-12 22:23:08 | INFO     | F01_data_foundation | 
[Step 1.3-1.5] Processing, standardizing, and validating each platform...

2026-06-12 22:23:08 | WARNING  | F01_data_foundation | No data for twitter, skipping
2026-06-12 22:23:08 | INFO     | F01_data_foundation | 
--- Processing THREADS ---
2026-06-12 22:23:08 | INFO     | F01_data_foundation |   Timestamps standardized for threads
2026-06-12 22:23:08 | INFO     | F01_data_foundation | Handling missing values for threads...
2026-06-12 22:23:08 | INFO     | F01_data_foundation | Handling duplicates for threads...
2026-06-12 22:23:08 | INFO     | F01_data_foundation |   Removed 1242 duplicates (95.91%)
2026-06-12 22:23:08 | INFO     | F01_data_foundation | Cleaning text content for threads...
2026-06-12 22:23:08 | INFO     | F01_data_foundation |   Removed 0 short texts
2026-06-12 22:23:08 | INFO     | F01_data_foundation | Validating data for threads...
2026-06-12 22:23:08 | INFO     | F01_data_foundation |   Quality metrics: {
  "platform": "threads",
  "total_records": 53,
  "date_range": "2024-02-20 07:00:00+07:00 to 2026-05-11 07:00:00+07:00",
  "date_completeness": 1.0,
  "content_completeness": 1.0,
  "content_valid_length": 1.0,
  "duplicate_percentage": 0.0
}
2026-06-12 22:23:08 | INFO     | F01_data_foundation | Exported threads to C:\Users\shofi\Documents\Big Data Diabetes\BIG-DATA\Scrapping Diabetes\Analisis\data\processed\threads_processed.parquet
2026-06-12 22:23:08 | INFO     | F01_data_foundation | Exported threads to C:\Users\shofi\Documents\Big Data Diabetes\BIG-DATA\Scrapping Diabetes\Analisis\data\processed\threads_processed.csv
2026-06-12 22:23:08 | INFO     | F01_data_foundation | 
--- Processing YOUTUBE ---
2026-06-12 22:23:08 | WARNING  | F01_data_foundation | Date column date not found in youtube
2026-06-12 22:23:08 | INFO     | F01_data_foundation | Handling missing values for youtube...
2026-06-12 22:23:08 | INFO     | F01_data_foundation | Handling duplicates for youtube...
2026-06-12 22:23:08 | INFO     | F01_data_foundation |   Removed 1794 duplicates (98.68%)
2026-06-12 22:23:08 | INFO     | F01_data_foundation | Cleaning text content for youtube...
2026-06-12 22:23:08 | INFO     | F01_data_foundation | Validating data for youtube...
2026-06-12 22:23:08 | INFO     | F01_data_foundation |   Quality metrics: {
  "platform": "youtube",
  "total_records": 24,
  "date_range": "N/A",
  "duplicate_percentage": 0.0
}
2026-06-12 22:23:08 | INFO     | F01_data_foundation | Exported youtube to C:\Users\shofi\Documents\Big Data Diabetes\BIG-DATA\Scrapping Diabetes\Analisis\data\processed\youtube_processed.parquet
2026-06-12 22:23:08 | INFO     | F01_data_foundation | Exported youtube to C:\Users\shofi\Documents\Big Data Diabetes\BIG-DATA\Scrapping Diabetes\Analisis\data\processed\youtube_processed.csv
2026-06-12 22:23:08 | WARNING  | F01_data_foundation | No data for google_trends, skipping
2026-06-12 22:23:08 | INFO     | F01_data_foundation | 
[Step 1.6] Creating unified master dataset...
2026-06-12 22:23:08 | INFO     | F01_data_foundation | Creating unified master file...
2026-06-12 22:23:08 | INFO     | F01_data_foundation | Master file created: 77 total records
2026-06-12 22:23:08 | INFO     | F01_data_foundation | Master dataset exported to C:\Users\shofi\Documents\Big Data Diabetes\BIG-DATA\Scrapping Diabetes\Analisis\data\processed\master_dataset_unified.parquet
2026-06-12 22:23:08 | INFO     | F01_data_foundation | 
Generating quality report...
2026-06-12 22:23:08 | INFO     | F01_data_foundation | Quality report saved to C:\Users\shofi\Documents\Big Data Diabetes\BIG-DATA\Scrapping Diabetes\Analisis\outputs\reports\Phase1_Data_Quality_Report.txt
2026-06-12 22:23:08 | INFO     | F01_data_foundation | 

================================================================================
DATA QUALITY REPORT
================================================================================

[THREADS]
----------------------------------------
  duplicates_removed................. 1242
  total_records...................... 53
  date_range......................... 2024-02-20 07:00:00+07:00 to 2026-05-11 07:00:00+07:00
  date_completeness.................. 1.00
  content_completeness............... 1.00
  content_valid_length............... 1.00
  duplicate_percentage............... 0.00

[YOUTUBE]
----------------------------------------
  duplicates_removed................. 1794
  total_records...................... 24
  date_range......................... N/A
  duplicate_percentage............... 0.00

================================================================================

2026-06-12 22:23:08 | INFO     | F01_data_foundation | ================================================================================
2026-06-12 22:23:08 | INFO     | F01_data_foundation | PHASE 1 COMPLETED SUCCESSFULLY
2026-06-12 22:23:08 | INFO     | F01_data_foundation | ================================================================================

2026-06-12 22:23:08 | INFO     | __main__ | 
✓ Phase 1 completed successfully
2026-06-12 22:23:08 | INFO     | __main__ |   Platforms processed: ['threads', 'youtube']
2026-06-12 22:23:08 | INFO     | __main__ |   Master dataset: (77, 16)
2026-06-12 22:23:08 | INFO     | __main__ | 
████████████████████████████████████████████████████████████████████████████████
2026-06-12 22:23:08 | INFO     | __main__ | EXECUTING PHASE 2: VERACITY VALIDATION
2026-06-12 22:23:08 | INFO     | __main__ | ████████████████████████████████████████████████████████████████████████████████
2026-06-12 22:23:08 | ERROR    | __main__ | Phase 2 FAILED: No module named 'F02_veracity_validation'
2026-06-12 22:23:08 | INFO     | __main__ | 
████████████████████████████████████████████████████████████████████████████████
2026-06-12 22:23:08 | INFO     | __main__ | EXECUTING PHASE 3: SENTIMENT ANALYSIS
2026-06-12 22:23:08 | INFO     | __main__ | ████████████████████████████████████████████████████████████████████████████████
2026-06-12 22:23:08 | ERROR    | __main__ | Phase 3 FAILED: No module named 'F03_sentiment_analysis'
2026-06-12 22:23:08 | INFO     | __main__ | 
████████████████████████████████████████████████████████████████████████████████
2026-06-12 22:23:08 | INFO     | __main__ | EXECUTING PHASE 4: GOOGLE TRENDS INTEGRATION
2026-06-12 22:23:08 | INFO     | __main__ | ████████████████████████████████████████████████████████████████████████████████
2026-06-12 22:23:08 | ERROR    | __main__ | Phase 4 FAILED: No module named 'F04_google_trends_integration'
2026-06-12 22:23:08 | INFO     | __main__ | 
████████████████████████████████████████████████████████████████████████████████
2026-06-12 22:23:08 | INFO     | __main__ | EXECUTING PHASE 5: LONGITUDINAL MODELING
2026-06-12 22:23:08 | INFO     | __main__ | ████████████████████████████████████████████████████████████████████████████████
2026-06-12 22:23:08 | WARNING  | __main__ | Sentiment analysis results not found, skipping Phase 5
2026-06-12 22:23:08 | INFO     | __main__ | 
████████████████████████████████████████████████████████████████████████████████
2026-06-12 22:23:08 | INFO     | __main__ | EXECUTING PHASE 6: VISUALIZATION & REPORTING
2026-06-12 22:23:08 | INFO     | __main__ | ████████████████████████████████████████████████████████████████████████████████
2026-06-12 22:23:08 | ERROR    | __main__ | Phase 6 FAILED: No module named 'F06_visualization_reporting'
2026-06-12 22:23:08 | INFO     | __main__ | 
================================================================================
2026-06-12 22:23:08 | INFO     | __main__ | GENERATING FINAL REPORT
2026-06-12 22:23:08 | INFO     | __main__ | ================================================================================
2026-06-12 22:23:08 | INFO     | __main__ | 
================================================================================
PIPELINE EXECUTION REPORT
================================================================================

Execution Summary:
  Start Time: 2026-06-12T22:23:08.575143
  End Time: 2026-06-12T22:23:08.975503
  Total Duration: 0.4 seconds (~0.0 minutes)
  
Phase Status:
  Phase 1: Data Foundation......................... SUCCESS
  Phase 2: Veracity Validation..................... FAILED
  Phase 3: Sentiment Analysis...................... FAILED
  Phase 4: Google Trends Integration............... FAILED
  Phase 5: Longitudinal Modeling................... SKIPPED
  Phase 6: Visualization & Reporting............... FAILED

Errors (4):
  1. Phase 2 FAILED: No module named 'F02_veracity_validation'
  2. Phase 3 FAILED: No module named 'F03_sentiment_analysis'
  3. Phase 4 FAILED: No module named 'F04_google_trends_integration'
  4. Phase 6 FAILED: No module named 'F06_visualization_reporting'

Output Files:
  Reports: C:\Users\shofi\Documents\Big Data Diabetes\BIG-DATA\Scrapping Diabetes\Analisis\outputs\reports
  Figures: C:\Users\shofi\Documents\Big Data Diabetes\BIG-DATA\Scrapping Diabetes\Analisis\outputs\figures
  Processed Data: C:\Users\shofi\Documents\Big Data Diabetes\BIG-DATA\Scrapping Diabetes\Analisis\data\processed
  
Key Outputs:
  - Master Dataset: master_dataset_unified.parquet
  - Sentiment Analysis: sentiment_analyzed_full.parquet
  - Temporal Trends: sentiment_trends_temporal.csv
  - Integrated Signals: integrated_signals_monthly.csv
  
Recommended Next Steps:
  1. Review Phase reports in C:\Users\shofi\Documents\Big Data Diabetes\BIG-DATA\Scrapping Diabetes\Analisis\outputs\reports
  2. Examine generated visualizations in C:\Users\shofi\Documents\Big Data Diabetes\BIG-DATA\Scrapping Diabetes\Analisis\outputs\figures
  3. For Phase 2: Complete manual annotation (if using gold standard)
  4. For Phase 5: Fine-tune model parameters based on validation metrics
  5. Prepare manuscript for publication (Lancet Digital Health, JMIR, BMC Public Health)
  
================================================================================
End of Report - 2026-06-12 22:23:08
================================================================================

2026-06-12 22:23:08 | INFO     | __main__ | 
Final report saved to C:\Users\shofi\Documents\Big Data Diabetes\BIG-DATA\Scrapping Diabetes\Analisis\outputs\reports\PIPELINE_EXECUTION_REPORT.txt
2026-06-12 22:23:08 | INFO     | __main__ | JSON summary saved to C:\Users\shofi\Documents\Big Data Diabetes\BIG-DATA\Scrapping Diabetes\Analisis\outputs\reports\pipeline_summary.json
2026-06-12 22:23:08 | INFO     | __main__ | 
================================================================================
2026-06-12 22:23:08 | INFO     | __main__ | PIPELINE SUMMARY
2026-06-12 22:23:08 | INFO     | __main__ | ================================================================================
2026-06-12 22:23:08 | INFO     | __main__ | Status: ✗ FAILED
2026-06-12 22:23:08 | INFO     | __main__ | Duration: 0.4 seconds
2026-06-12 22:23:08 | INFO     | __main__ | Total Errors: 4
2026-06-12 22:23:08 | INFO     | __main__ | ================================================================================
