2026-06-13 21:20:35 | INFO     | __main__ | Initializing Pipeline Orchestrator...
2026-06-13 21:20:35 | INFO     | __main__ | 
================================================================================
2026-06-13 21:20:35 | INFO     | __main__ | DIABETES SOCIAL MEDIA SENTIMENT & TREND ANALYSIS PIPELINE
2026-06-13 21:20:35 | INFO     | __main__ | Complete Framework 8V Implementation
2026-06-13 21:20:35 | INFO     | __main__ | ================================================================================
2026-06-13 21:20:35 | INFO     | __main__ | Start time: 2026-06-13 21:20:35.451963
2026-06-13 21:20:35 | INFO     | __main__ | Project directory: C:\Users\shofi\Documents\Big Data Diabetes\BIG-DATA\Scrapping Diabetes\Analisis
2026-06-13 21:20:35 | INFO     | __main__ | Output directory: C:\Users\shofi\Documents\Big Data Diabetes\BIG-DATA\Scrapping Diabetes\Analisis\outputs\reports
2026-06-13 21:20:35 | INFO     | __main__ | ================================================================================
2026-06-13 21:20:35 | INFO     | __main__ | 
Phases to execute: [1, 2, 3, 4, 5, 6]

2026-06-13 21:20:35 | INFO     | __main__ | 
████████████████████████████████████████████████████████████████████████████████
2026-06-13 21:20:35 | INFO     | __main__ | EXECUTING PHASE 1: DATA FOUNDATION
2026-06-13 21:20:35 | INFO     | __main__ | ████████████████████████████████████████████████████████████████████████████████
2026-06-13 21:20:35 | INFO     | F01_data_foundation | Initializing Phase 1: Data Foundation
2026-06-13 21:20:35 | INFO     | F01_data_foundation | 
================================================================================
2026-06-13 21:20:35 | INFO     | F01_data_foundation | PHASE 1: FONDASI DATA (Inventory, Load, Standardize, Validate)
2026-06-13 21:20:35 | INFO     | F01_data_foundation | ================================================================================

2026-06-13 21:20:35 | INFO     | F01_data_foundation | 
[Step 1.1] Creating dataset inventory...
2026-06-13 21:20:35 | INFO     | F01_data_foundation | Creating dataset inventory...
2026-06-13 21:20:35 | INFO     | F01_data_foundation | Dataset inventory saved to C:\Users\shofi\Documents\Big Data Diabetes\BIG-DATA\Scrapping Diabetes\Analisis\outputs\reports\Dataset_Inventory.csv
2026-06-13 21:20:35 | INFO     | F01_data_foundation | 
Inventory:
        platform                    filename  file_size_mb  columns  expected_records date_range              last_modified
0        twitter          Diabetes_X_All.csv      2.817640        5              9253  2016-2026 2026-06-11 22:33:27.343001
1        threads  threads_diabetes_final.csv      0.351486        4              1300  2024-2026 2026-06-11 22:31:18.572903
2        youtube  youtube_merged_updated.csv      0.419207       11              1880  2018-2026 2026-06-11 22:32:41.395772
3  google_trends      master_data_9 Juni.csv      0.280217       21              4179  2015-2026 2026-06-11 22:30:41.206872
2026-06-13 21:20:35 | INFO     | F01_data_foundation | 
[Step 1.2] Loading data from all platforms...
2026-06-13 21:20:35 | INFO     | F01_data_foundation | Loading all platform data...
2026-06-13 21:20:35 | INFO     | F01_data_foundation | Loading data for twitter...
2026-06-13 21:20:35 | INFO     | F01_data_foundation |   Loaded Diabetes_X_All.csv: 9269 rows
2026-06-13 21:20:35 | INFO     | F01_data_foundation | Total records for twitter: 9269
2026-06-13 21:20:35 | INFO     | F01_data_foundation | Loading data for threads...
2026-06-13 21:20:35 | INFO     | F01_data_foundation |   Loaded threads_diabetes_final.csv: 1299 rows
2026-06-13 21:20:35 | INFO     | F01_data_foundation | Total records for threads: 1299
2026-06-13 21:20:35 | INFO     | F01_data_foundation | Loading data for youtube...
2026-06-13 21:20:35 | INFO     | F01_data_foundation |   Loaded youtube_merged_updated.csv: 1818 rows
2026-06-13 21:20:35 | INFO     | F01_data_foundation | Total records for youtube: 1818
2026-06-13 21:20:35 | INFO     | F01_data_foundation | Loading data for google_trends...
2026-06-13 21:20:35 | INFO     | F01_data_foundation |   Loaded master_data_9 Juni.csv: 4178 rows
2026-06-13 21:20:35 | INFO     | F01_data_foundation | Total records for google_trends: 4178
2026-06-13 21:20:35 | INFO     | F01_data_foundation | 
[Step 1.3-1.5] Processing, standardizing, and validating each platform...

2026-06-13 21:20:35 | INFO     | F01_data_foundation | 
--- Processing TWITTER ---
2026-06-13 21:20:35 | INFO     | F01_data_foundation |   Timestamps standardized for twitter
2026-06-13 21:20:35 | INFO     | F01_data_foundation | Handling missing values for twitter...
2026-06-13 21:20:35 | INFO     | F01_data_foundation | Handling duplicates for twitter...
2026-06-13 21:20:35 | INFO     | F01_data_foundation |   Removed 0 duplicates (0.00%)
2026-06-13 21:20:35 | INFO     | F01_data_foundation | Cleaning text content for twitter...
2026-06-13 21:20:35 | INFO     | F01_data_foundation |   Removed 0 short texts
2026-06-13 21:20:35 | INFO     | F01_data_foundation | Validating data for twitter...
2026-06-13 21:20:35 | INFO     | F01_data_foundation |   Quality metrics: {
  "platform": "twitter",
  "total_records": 9269,
  "date_range": "2016-11-12 07:00:00+07:00 to 2026-06-10 07:00:00+07:00",
  "date_completeness": 1.0,
  "content_completeness": 1.0,
  "content_valid_length": 1.0,
  "duplicate_percentage": 0.0
}
2026-06-13 21:20:35 | INFO     | F01_data_foundation | Exported twitter to C:\Users\shofi\Documents\Big Data Diabetes\BIG-DATA\Scrapping Diabetes\Analisis\data\processed\twitter_processed.parquet
2026-06-13 21:20:35 | INFO     | F01_data_foundation | Exported twitter to C:\Users\shofi\Documents\Big Data Diabetes\BIG-DATA\Scrapping Diabetes\Analisis\data\processed\twitter_processed.csv
2026-06-13 21:20:35 | INFO     | F01_data_foundation | 
--- Processing THREADS ---
2026-06-13 21:20:35 | INFO     | F01_data_foundation |   Timestamps standardized for threads
2026-06-13 21:20:35 | INFO     | F01_data_foundation | Handling missing values for threads...
2026-06-13 21:20:35 | INFO     | F01_data_foundation | Handling duplicates for threads...
2026-06-13 21:20:35 | INFO     | F01_data_foundation |   Removed 1242 duplicates (95.91%)
2026-06-13 21:20:35 | INFO     | F01_data_foundation | Cleaning text content for threads...
2026-06-13 21:20:35 | INFO     | F01_data_foundation |   Removed 0 short texts
2026-06-13 21:20:35 | INFO     | F01_data_foundation | Validating data for threads...
2026-06-13 21:20:35 | INFO     | F01_data_foundation |   Quality metrics: {
  "platform": "threads",
  "total_records": 53,
  "date_range": "2024-02-20 07:00:00+07:00 to 2026-05-11 07:00:00+07:00",
  "date_completeness": 1.0,
  "content_completeness": 1.0,
  "content_valid_length": 1.0,
  "duplicate_percentage": 0.0
}
2026-06-13 21:20:35 | INFO     | F01_data_foundation | Exported threads to C:\Users\shofi\Documents\Big Data Diabetes\BIG-DATA\Scrapping Diabetes\Analisis\data\processed\threads_processed.parquet
2026-06-13 21:20:35 | INFO     | F01_data_foundation | Exported threads to C:\Users\shofi\Documents\Big Data Diabetes\BIG-DATA\Scrapping Diabetes\Analisis\data\processed\threads_processed.csv
2026-06-13 21:20:35 | INFO     | F01_data_foundation | 
--- Processing YOUTUBE ---
2026-06-13 21:20:35 | WARNING  | F01_data_foundation | Date column date not found in youtube
2026-06-13 21:20:35 | INFO     | F01_data_foundation | Handling missing values for youtube...
2026-06-13 21:20:35 | INFO     | F01_data_foundation | Handling duplicates for youtube...
2026-06-13 21:20:35 | INFO     | F01_data_foundation |   Removed 1794 duplicates (98.68%)
2026-06-13 21:20:35 | INFO     | F01_data_foundation | Cleaning text content for youtube...
2026-06-13 21:20:35 | INFO     | F01_data_foundation | Validating data for youtube...
2026-06-13 21:20:35 | INFO     | F01_data_foundation |   Quality metrics: {
  "platform": "youtube",
  "total_records": 24,
  "date_range": "N/A",
  "duplicate_percentage": 0.0
}
2026-06-13 21:20:35 | INFO     | F01_data_foundation | Exported youtube to C:\Users\shofi\Documents\Big Data Diabetes\BIG-DATA\Scrapping Diabetes\Analisis\data\processed\youtube_processed.parquet
2026-06-13 21:20:35 | INFO     | F01_data_foundation | Exported youtube to C:\Users\shofi\Documents\Big Data Diabetes\BIG-DATA\Scrapping Diabetes\Analisis\data\processed\youtube_processed.csv
2026-06-13 21:20:35 | INFO     | F01_data_foundation | 
--- Processing GOOGLE_TRENDS ---
2026-06-13 21:20:35 | INFO     | F01_data_foundation |   Timestamps standardized for google_trends
2026-06-13 21:20:35 | ERROR    | __main__ | Phase 1 FAILED: 'content_column'
2026-06-13 21:20:35 | WARNING  | __main__ | Phase 1 failed, stopping pipeline
2026-06-13 21:20:35 | INFO     | __main__ | 
================================================================================
2026-06-13 21:20:35 | INFO     | __main__ | PIPELINE SUMMARY
2026-06-13 21:20:35 | INFO     | __main__ | ================================================================================
2026-06-13 21:20:35 | INFO     | __main__ | Status: ✗ FAILED
2026-06-13 21:20:35 | ERROR    | __main__ | Unexpected error: unsupported format string passed to NoneType.__format__
